################################################################################
#                                                                              #
#      IAR Universal Linker V5.0.2.5/W32                                       #
#                                                                              #
#           Link time     =  01/Feb/2015  20:15:58                             #
#           Target CPU    =  x51                                               #
#           List file     =  C:\ZStack-CC2530-2.5.1a\Projects\zstack\Samples\Ò #
#                            º¾§ÏÔÊ¾Ä£×é¿ØÖÆÊµ¼ù\CC2530DB\CoordinatorEB\List\G #
#                            enericApp.map                                     #
#           Output file 1 =  C:\ZStack-CC2530-2.5.1a\Projects\zstack\Samples\Ò #
#                            º¾§ÏÔÊ¾Ä£×é¿ØÖÆÊµ¼ù\CC2530DB\CoordinatorEB\Exe\Ge #
#                            nericApp.d51                                      #
#                            Format: debug                                     #
#                            UBROF version 10.0.3                              #
#                            Using library modules for C-SPY (-rt)             #
#           Command line  =  -C                                                #
#                            C:\ZStack-CC2530-2.5.1a\Projects\zstack\Samples\Ò #
#                            º¾§ÏÔÊ¾Ä£×é¿ØÖÆÊµ¼ù\CC2530DB\..\..\..\Libraries\T #
#                            I2530DB\bin\Router-Pro.lib                        #
#                            -C                                                #
#                            C:\ZStack-CC2530-2.5.1a\Projects\zstack\Samples\Ò #
#                            º¾§ÏÔÊ¾Ä£×é¿ØÖÆÊµ¼ù\CC2530DB\..\..\..\Libraries\T #
#                            I2530DB\bin\Security.lib                          #
#                            -C                                                #
#                            C:\ZStack-CC2530-2.5.1a\Projects\zstack\Samples\Ò #
#                            º¾§ÏÔÊ¾Ä£×é¿ØÖÆÊµ¼ù\CC2530DB\..\..\..\Libraries\T #
#                            IMAC\bin\TIMAC-CC2530.lib                         #
#                            -D_NR_OF_BANKS=0x07 -D_CODEBANK_END=0xFFFF        #
#                            -D_CODEBANK_START=0x8000 -D?CBANK_MASK=0xFF       #
#                            -D?CBANK=0x9F                                     #
#                            "-ID:\Program Files (x86)\IAR Systems\Embedded Wo #
#                            rkbench 6.0 Evaluation\8051\CONFIG\"              #
#                            C:\ZStack-CC2530-2.5.1a\Projects\zstack\Samples\Ò #
#                            º¾§ÏÔÊ¾Ä£×é¿ØÖÆÊµ¼ù\CC2530DB\CoordinatorEB\Obj\AF #
#                            .r51                                              #
#                            C:\ZStack-CC2530-2.5.1a\Projects\zstack\Samples\Ò #
#                            º¾§ÏÔÊ¾Ä£×é¿ØÖÆÊµ¼ù\CC2530DB\CoordinatorEB\Obj\Bi #
#                            ndingTable.r51                                    #
#                            C:\ZStack-CC2530-2.5.1a\Projects\zstack\Samples\Ò #
#                            º¾§ÏÔÊ¾Ä£×é¿ØÖÆÊµ¼ù\CC2530DB\CoordinatorEB\Obj\De #
#                            bugTrace.r51                                      #
#                            C:\ZStack-CC2530-2.5.1a\Projects\zstack\Samples\Ò #
#                            º¾§ÏÔÊ¾Ä£×é¿ØÖÆÊµ¼ù\CC2530DB\CoordinatorEB\Obj\Ge #
#                            nericApp.r51                                      #
#                            C:\ZStack-CC2530-2.5.1a\Projects\zstack\Samples\Ò #
#                            º¾§ÏÔÊ¾Ä£×é¿ØÖÆÊµ¼ù\CC2530DB\CoordinatorEB\Obj\MT #
#                            .r51                                              #
#                            C:\ZStack-CC2530-2.5.1a\Projects\zstack\Samples\Ò #
#                            º¾§ÏÔÊ¾Ä£×é¿ØÖÆÊµ¼ù\CC2530DB\CoordinatorEB\Obj\MT #
#                            _AF.r51                                           #
#                            C:\ZStack-CC2530-2.5.1a\Projects\zstack\Samples\Ò #
#                            º¾§ÏÔÊ¾Ä£×é¿ØÖÆÊµ¼ù\CC2530DB\CoordinatorEB\Obj\MT #
#                            _APP.r51                                          #
#                            C:\ZStack-CC2530-2.5.1a\Projects\zstack\Samples\Ò #
#                            º¾§ÏÔÊ¾Ä£×é¿ØÖÆÊµ¼ù\CC2530DB\CoordinatorEB\Obj\MT #
#                            _DEBUG.r51                                        #
#                            C:\ZStack-CC2530-2.5.1a\Projects\zstack\Samples\Ò #
#                            º¾§ÏÔÊ¾Ä£×é¿ØÖÆÊµ¼ù\CC2530DB\CoordinatorEB\Obj\MT #
#                            _NWK.r51                                          #
#                            C:\ZStack-CC2530-2.5.1a\Projects\zstack\Samples\Ò #
#                            º¾§ÏÔÊ¾Ä£×é¿ØÖÆÊµ¼ù\CC2530DB\CoordinatorEB\Obj\MT #
#                            _SAPI.r51                                         #
#                            C:\ZStack-CC2530-2.5.1a\Projects\zstack\Samples\Ò #
#                            º¾§ÏÔÊ¾Ä£×é¿ØÖÆÊµ¼ù\CC2530DB\CoordinatorEB\Obj\MT #
#                            _SYS.r51                                          #
#                            C:\ZStack-CC2530-2.5.1a\Projects\zstack\Samples\Ò #
#                            º¾§ÏÔÊ¾Ä£×é¿ØÖÆÊµ¼ù\CC2530DB\CoordinatorEB\Obj\MT #
#                            _TASK.r51                                         #
#                            C:\ZStack-CC2530-2.5.1a\Projects\zstack\Samples\Ò #
#                            º¾§ÏÔÊ¾Ä£×é¿ØÖÆÊµ¼ù\CC2530DB\CoordinatorEB\Obj\MT #
#                            _UART.r51                                         #
#                            C:\ZStack-CC2530-2.5.1a\Projects\zstack\Samples\Ò #
#                            º¾§ÏÔÊ¾Ä£×é¿ØÖÆÊµ¼ù\CC2530DB\CoordinatorEB\Obj\MT #
#                            _UTIL.r51                                         #
#                            C:\ZStack-CC2530-2.5.1a\Projects\zstack\Samples\Ò #
#                            º¾§ÏÔÊ¾Ä£×é¿ØÖÆÊµ¼ù\CC2530DB\CoordinatorEB\Obj\MT #
#                            _VERSION.r51                                      #
#                            C:\ZStack-CC2530-2.5.1a\Projects\zstack\Samples\Ò #
#                            º¾§ÏÔÊ¾Ä£×é¿ØÖÆÊµ¼ù\CC2530DB\CoordinatorEB\Obj\MT #
#                            _ZDO.r51                                          #
#                            C:\ZStack-CC2530-2.5.1a\Projects\zstack\Samples\Ò #
#                            º¾§ÏÔÊ¾Ä£×é¿ØÖÆÊµ¼ù\CC2530DB\CoordinatorEB\Obj\OS #
#                            AL.r51                                            #
#                            C:\ZStack-CC2530-2.5.1a\Projects\zstack\Samples\Ò #
#                            º¾§ÏÔÊ¾Ä£×é¿ØÖÆÊµ¼ù\CC2530DB\CoordinatorEB\Obj\OS #
#                            AL_Clock.r51                                      #
#                            C:\ZStack-CC2530-2.5.1a\Projects\zstack\Samples\Ò #
#                            º¾§ÏÔÊ¾Ä£×é¿ØÖÆÊµ¼ù\CC2530DB\CoordinatorEB\Obj\OS #
#                            AL_GenericApp.r51                                 #
#                            C:\ZStack-CC2530-2.5.1a\Projects\zstack\Samples\Ò #
#                            º¾§ÏÔÊ¾Ä£×é¿ØÖÆÊµ¼ù\CC2530DB\CoordinatorEB\Obj\OS #
#                            AL_Math.r51                                       #
#                            C:\ZStack-CC2530-2.5.1a\Projects\zstack\Samples\Ò #
#                            º¾§ÏÔÊ¾Ä£×é¿ØÖÆÊµ¼ù\CC2530DB\CoordinatorEB\Obj\OS #
#                            AL_Memory.r51                                     #
#                            C:\ZStack-CC2530-2.5.1a\Projects\zstack\Samples\Ò #
#                            º¾§ÏÔÊ¾Ä£×é¿ØÖÆÊµ¼ù\CC2530DB\CoordinatorEB\Obj\OS #
#                            AL_Nv.r51                                         #
#                            C:\ZStack-CC2530-2.5.1a\Projects\zstack\Samples\Ò #
#                            º¾§ÏÔÊ¾Ä£×é¿ØÖÆÊµ¼ù\CC2530DB\CoordinatorEB\Obj\OS #
#                            AL_PwrMgr.r51                                     #
#                            C:\ZStack-CC2530-2.5.1a\Projects\zstack\Samples\Ò #
#                            º¾§ÏÔÊ¾Ä£×é¿ØÖÆÊµ¼ù\CC2530DB\CoordinatorEB\Obj\OS #
#                            AL_Timers.r51                                     #
#                            C:\ZStack-CC2530-2.5.1a\Projects\zstack\Samples\Ò #
#                            º¾§ÏÔÊ¾Ä£×é¿ØÖÆÊµ¼ù\CC2530DB\CoordinatorEB\Obj\On #
#                            Board.r51                                         #
#                            C:\ZStack-CC2530-2.5.1a\Projects\zstack\Samples\Ò #
#                            º¾§ÏÔÊ¾Ä£×é¿ØÖÆÊµ¼ù\CC2530DB\CoordinatorEB\Obj\ZD #
#                            App.r51                                           #
#                            C:\ZStack-CC2530-2.5.1a\Projects\zstack\Samples\Ò #
#                            º¾§ÏÔÊ¾Ä£×é¿ØÖÆÊµ¼ù\CC2530DB\CoordinatorEB\Obj\ZD #
#                            Config.r51                                        #
#                            C:\ZStack-CC2530-2.5.1a\Projects\zstack\Samples\Ò #
#                            º¾§ÏÔÊ¾Ä£×é¿ØÖÆÊµ¼ù\CC2530DB\CoordinatorEB\Obj\ZD #
#                            NwkMgr.r51                                        #
#                            C:\ZStack-CC2530-2.5.1a\Projects\zstack\Samples\Ò #
#                            º¾§ÏÔÊ¾Ä£×é¿ØÖÆÊµ¼ù\CC2530DB\CoordinatorEB\Obj\ZD #
#                            Object.r51                                        #
#                            C:\ZStack-CC2530-2.5.1a\Projects\zstack\Samples\Ò #
#                            º¾§ÏÔÊ¾Ä£×é¿ØÖÆÊµ¼ù\CC2530DB\CoordinatorEB\Obj\ZD #
#                            Profile.r51                                       #
#                            C:\ZStack-CC2530-2.5.1a\Projects\zstack\Samples\Ò #
#                            º¾§ÏÔÊ¾Ä£×é¿ØÖÆÊµ¼ù\CC2530DB\CoordinatorEB\Obj\ZD #
#                            SecMgr.r51                                        #
#                            C:\ZStack-CC2530-2.5.1a\Projects\zstack\Samples\Ò #
#                            º¾§ÏÔÊ¾Ä£×é¿ØÖÆÊµ¼ù\CC2530DB\CoordinatorEB\Obj\ZG #
#                            lobals.r51                                        #
#                            C:\ZStack-CC2530-2.5.1a\Projects\zstack\Samples\Ò #
#                            º¾§ÏÔÊ¾Ä£×é¿ØÖÆÊµ¼ù\CC2530DB\CoordinatorEB\Obj\ZM #
#                            ain.r51                                           #
#                            C:\ZStack-CC2530-2.5.1a\Projects\zstack\Samples\Ò #
#                            º¾§ÏÔÊ¾Ä£×é¿ØÖÆÊµ¼ù\CC2530DB\CoordinatorEB\Obj\ch #
#                            ipcon_cstartup.r51                                #
#                            C:\ZStack-CC2530-2.5.1a\Projects\zstack\Samples\Ò #
#                            º¾§ÏÔÊ¾Ä£×é¿ØÖÆÊµ¼ù\CC2530DB\CoordinatorEB\Obj\ha #
#                            l_adc.r51                                         #
#                            C:\ZStack-CC2530-2.5.1a\Projects\zstack\Samples\Ò #
#                            º¾§ÏÔÊ¾Ä£×é¿ØÖÆÊµ¼ù\CC2530DB\CoordinatorEB\Obj\ha #
#                            l_assert.r51                                      #
#                            C:\ZStack-CC2530-2.5.1a\Projects\zstack\Samples\Ò #
#                            º¾§ÏÔÊ¾Ä£×é¿ØÖÆÊµ¼ù\CC2530DB\CoordinatorEB\Obj\ha #
#                            l_dma.r51                                         #
#                            C:\ZStack-CC2530-2.5.1a\Projects\zstack\Samples\Ò #
#                            º¾§ÏÔÊ¾Ä£×é¿ØÖÆÊµ¼ù\CC2530DB\CoordinatorEB\Obj\ha #
#                            l_drivers.r51                                     #
#                            C:\ZStack-CC2530-2.5.1a\Projects\zstack\Samples\Ò #
#                            º¾§ÏÔÊ¾Ä£×é¿ØÖÆÊµ¼ù\CC2530DB\CoordinatorEB\Obj\ha #
#                            l_flash.r51                                       #
#                            C:\ZStack-CC2530-2.5.1a\Projects\zstack\Samples\Ò #
#                            º¾§ÏÔÊ¾Ä£×é¿ØÖÆÊµ¼ù\CC2530DB\CoordinatorEB\Obj\ha #
#                            l_key.r51                                         #
#                            C:\ZStack-CC2530-2.5.1a\Projects\zstack\Samples\Ò #
#                            º¾§ÏÔÊ¾Ä£×é¿ØÖÆÊµ¼ù\CC2530DB\CoordinatorEB\Obj\ha #
#                            l_lcd.r51                                         #
#                            C:\ZStack-CC2530-2.5.1a\Projects\zstack\Samples\Ò #
#                            º¾§ÏÔÊ¾Ä£×é¿ØÖÆÊµ¼ù\CC2530DB\CoordinatorEB\Obj\ha #
#                            l_led.r51                                         #
#                            C:\ZStack-CC2530-2.5.1a\Projects\zstack\Samples\Ò #
#                            º¾§ÏÔÊ¾Ä£×é¿ØÖÆÊµ¼ù\CC2530DB\CoordinatorEB\Obj\ha #
#                            l_sleep.r51                                       #
#                            C:\ZStack-CC2530-2.5.1a\Projects\zstack\Samples\Ò #
#                            º¾§ÏÔÊ¾Ä£×é¿ØÖÆÊµ¼ù\CC2530DB\CoordinatorEB\Obj\ha #
#                            l_startup.r51                                     #
#                            C:\ZStack-CC2530-2.5.1a\Projects\zstack\Samples\Ò #
#                            º¾§ÏÔÊ¾Ä£×é¿ØÖÆÊµ¼ù\CC2530DB\CoordinatorEB\Obj\ha #
#                            l_timer.r51                                       #
#                            C:\ZStack-CC2530-2.5.1a\Projects\zstack\Samples\Ò #
#                            º¾§ÏÔÊ¾Ä£×é¿ØÖÆÊµ¼ù\CC2530DB\CoordinatorEB\Obj\ha #
#                            l_uart.r51                                        #
#                            C:\ZStack-CC2530-2.5.1a\Projects\zstack\Samples\Ò #
#                            º¾§ÏÔÊ¾Ä£×é¿ØÖÆÊµ¼ù\CC2530DB\CoordinatorEB\Obj\ma #
#                            c_autopend.r51                                    #
#                            C:\ZStack-CC2530-2.5.1a\Projects\zstack\Samples\Ò #
#                            º¾§ÏÔÊ¾Ä£×é¿ØÖÆÊµ¼ù\CC2530DB\CoordinatorEB\Obj\ma #
#                            c_backoff_timer.r51                               #
#                            C:\ZStack-CC2530-2.5.1a\Projects\zstack\Samples\Ò #
#                            º¾§ÏÔÊ¾Ä£×é¿ØÖÆÊµ¼ù\CC2530DB\CoordinatorEB\Obj\ma #
#                            c_cfg.r51                                         #
#                            C:\ZStack-CC2530-2.5.1a\Projects\zstack\Samples\Ò #
#                            º¾§ÏÔÊ¾Ä£×é¿ØÖÆÊµ¼ù\CC2530DB\CoordinatorEB\Obj\ma #
#                            c_csp_tx.r51                                      #
#                            C:\ZStack-CC2530-2.5.1a\Projects\zstack\Samples\Ò #
#                            º¾§ÏÔÊ¾Ä£×é¿ØÖÆÊµ¼ù\CC2530DB\CoordinatorEB\Obj\ma #
#                            c_low_level.r51                                   #
#                            C:\ZStack-CC2530-2.5.1a\Projects\zstack\Samples\Ò #
#                            º¾§ÏÔÊ¾Ä£×é¿ØÖÆÊµ¼ù\CC2530DB\CoordinatorEB\Obj\ma #
#                            c_mcu.r51                                         #
#                            C:\ZStack-CC2530-2.5.1a\Projects\zstack\Samples\Ò #
#                            º¾§ÏÔÊ¾Ä£×é¿ØÖÆÊµ¼ù\CC2530DB\CoordinatorEB\Obj\ma #
#                            c_mem.r51                                         #
#                            C:\ZStack-CC2530-2.5.1a\Projects\zstack\Samples\Ò #
#                            º¾§ÏÔÊ¾Ä£×é¿ØÖÆÊµ¼ù\CC2530DB\CoordinatorEB\Obj\ma #
#                            c_pib.r51                                         #
#                            C:\ZStack-CC2530-2.5.1a\Projects\zstack\Samples\Ò #
#                            º¾§ÏÔÊ¾Ä£×é¿ØÖÆÊµ¼ù\CC2530DB\CoordinatorEB\Obj\ma #
#                            c_radio.r51                                       #
#                            C:\ZStack-CC2530-2.5.1a\Projects\zstack\Samples\Ò #
#                            º¾§ÏÔÊ¾Ä£×é¿ØÖÆÊµ¼ù\CC2530DB\CoordinatorEB\Obj\ma #
#                            c_radio_defs.r51                                  #
#                            C:\ZStack-CC2530-2.5.1a\Projects\zstack\Samples\Ò #
#                            º¾§ÏÔÊ¾Ä£×é¿ØÖÆÊµ¼ù\CC2530DB\CoordinatorEB\Obj\ma #
#                            c_rffrontend.r51                                  #
#                            C:\ZStack-CC2530-2.5.1a\Projects\zstack\Samples\Ò #
#                            º¾§ÏÔÊ¾Ä£×é¿ØÖÆÊµ¼ù\CC2530DB\CoordinatorEB\Obj\ma #
#                            c_rx.r51                                          #
#                            C:\ZStack-CC2530-2.5.1a\Projects\zstack\Samples\Ò #
#                            º¾§ÏÔÊ¾Ä£×é¿ØÖÆÊµ¼ù\CC2530DB\CoordinatorEB\Obj\ma #
#                            c_rx_onoff.r51                                    #
#                            C:\ZStack-CC2530-2.5.1a\Projects\zstack\Samples\Ò #
#                            º¾§ÏÔÊ¾Ä£×é¿ØÖÆÊµ¼ù\CC2530DB\CoordinatorEB\Obj\ma #
#                            c_sleep.r51                                       #
#                            C:\ZStack-CC2530-2.5.1a\Projects\zstack\Samples\Ò #
#                            º¾§ÏÔÊ¾Ä£×é¿ØÖÆÊµ¼ù\CC2530DB\CoordinatorEB\Obj\ma #
#                            c_tx.r51                                          #
#                            C:\ZStack-CC2530-2.5.1a\Projects\zstack\Samples\Ò #
#                            º¾§ÏÔÊ¾Ä£×é¿ØÖÆÊµ¼ù\CC2530DB\CoordinatorEB\Obj\nw #
#                            k_globals.r51                                     #
#                            C:\ZStack-CC2530-2.5.1a\Projects\zstack\Samples\Ò #
#                            º¾§ÏÔÊ¾Ä£×é¿ØÖÆÊµ¼ù\CC2530DB\CoordinatorEB\Obj\sa #
#                            ddr.r51                                           #
#                            C:\ZStack-CC2530-2.5.1a\Projects\zstack\Samples\Ò #
#                            º¾§ÏÔÊ¾Ä£×é¿ØÖÆÊµ¼ù\CC2530DB\CoordinatorEB\Obj\st #
#                            ub_aps.r51                                        #
#                            C:\ZStack-CC2530-2.5.1a\Projects\zstack\Samples\Ò #
#                            º¾§ÏÔÊ¾Ä£×é¿ØÖÆÊµ¼ù\CC2530DB\CoordinatorEB\Obj\zm #
#                            ac.r51                                            #
#                            C:\ZStack-CC2530-2.5.1a\Projects\zstack\Samples\Ò #
#                            º¾§ÏÔÊ¾Ä£×é¿ØÖÆÊµ¼ù\CC2530DB\CoordinatorEB\Obj\zm #
#                            ac_cb.r51                                         #
#                            -o                                                #
#                            C:\ZStack-CC2530-2.5.1a\Projects\zstack\Samples\Ò #
#                            º¾§ÏÔÊ¾Ä£×é¿ØÖÆÊµ¼ù\CC2530DB\CoordinatorEB\Exe\Ge #
#                            nericApp.d51                                      #
#                            -l                                                #
#                            C:\ZStack-CC2530-2.5.1a\Projects\zstack\Samples\Ò #
#                            º¾§ÏÔÊ¾Ä£×é¿ØÖÆÊµ¼ù\CC2530DB\CoordinatorEB\List\G #
#                            enericApp.map                                     #
#                            -xmsn                                             #
#                            "-ID:\Program Files (x86)\IAR Systems\Embedded Wo #
#                            rkbench 6.0 Evaluation\8051\LIB\"                 #
#                            -f                                                #
#                            C:\ZStack-CC2530-2.5.1a\Projects\zstack\Samples\Ò #
#                            º¾§ÏÔÊ¾Ä£×é¿ØÖÆÊµ¼ù\CC2530DB\..\..\..\Tools\CC253 #
#                            0DB\f8w2530.xcl                                   #
#                            (-D_XDATA_START=0x0001 -D_XDATA_END=0x1EFF        #
#                            -D_IDATA_END=0xFF -D_CODE_START=0x0000            #
#                            -D_CODE_END=0x7FFF -D_FIRST_BANK_ADDR=0x10000     #
#                            -D?REGISTER_BANK=0 -D_REGISTER_BANK_START=0       #
#                            -D?PBANK_NUMBER=00 -D_BREG_START=0x00             #
#                            -D?VB=0x20 -Z(BIT)BREG=_BREG_START                #
#                            -Z(BIT)BIT_N=0-7F                                 #
#                            -Z(DATA)REGISTERS+8=_REGISTER_BANK_START          #
#                            -Z(DATA)BDATA_Z,BDATA_N,BDATA_I=20-2F             #
#                            -Z(DATA)VREG+_NR_OF_VIRTUAL_REGISTERS=08-7F       #
#                            -Z(DATA)PSP,XSP=08-7F -Z(DATA)DOVERLAY=08-7F      #
#                            -Z(DATA)DATA_I,DATA_Z,DATA_N=08-7F                #
#                            -U(IDATA)0-7F=(DATA)0-7F                          #
#                            -Z(IDATA)IDATA_I,IDATA_Z,IDATA_N=08-_IDATA_END    #
#                            -Z(IDATA)ISTACK+_IDATA_STACK_SIZE#08-_IDATA_END   #
#                            -Z(IDATA)IOVERLAY=08-FF                           #
#                            -Z(CODE)INTVEC=_CODE_START                        #
#                            -Z(CODE)BIT_ID,BDATA_ID,DATA_ID,IDATA_ID,IXDATA_I #
#                            D,PDATA_ID,XDATA_ID=_CODE_START-_CODE_END         #
#                            -D_SLEEP_CODE_SPACE_START=(_CODE_END-7)           #
#                            -D_SLEEP_CODE_SPACE_END=(_CODE_END)               #
#                            -Z(CODE)SLEEP_CODE=_SLEEP_CODE_SPACE_START-_SLEEP #
#                            _CODE_SPACE_END                                   #
#                            -P(CODE)CSTART,BANK_RELAYS,RCODE,DIFUNCT,NEAR_COD #
#                            E=_CODE_START-_CODE_END                           #
#                            -P(CODE)CODE_C=_CODE_START-_CODE_END              #
#                            -P(CONST)XDATA_ROM_C=0x8000-0xFFFF                #
#                            -P(CODE)XDATA_ROM_C_FLASH=0x18000-0x1FFFF         #
#                            -QXDATA_ROM_C=XDATA_ROM_C_FLASH                   #
#                            -P(CODE)BANKED_CODE=_CODE_START-_CODE_END,0x18000 #
#                            -0x1FFFF,0x28000-0x2FFFF,0x38000-0x3FFFF,0x48000- #
#                            0x4FFFF,0x58000-0x5FFFF,0x68000-0x6FFFF,0x78000-0 #
#                            x7F7FF                                            #
#                            -Z(XDATA)XSTACK+_XDATA_STACK_SIZE=_XDATA_START-_X #
#                            DATA_END                                          #
#                            -Z(XDATA)XDATA_Z,XDATA_I=_XDATA_START-_XDATA_END  #
#                            -P(XDATA)XDATA_N=_XDATA_START-_XDATA_END -cx51    #
#                            -D_ZIGNV_ADDRESS_SPACE_START=(((_NR_OF_BANKS+1)*_ #
#                            FIRST_BANK_ADDR)-0x3800)                          #
#                            -D_ZIGNV_ADDRESS_SPACE_END=(_ZIGNV_ADDRESS_SPACE_ #
#                            START+0x2FFF)                                     #
#                            -Z(CODE)ZIGNV_ADDRESS_SPACE=_ZIGNV_ADDRESS_SPACE_ #
#                            START-_ZIGNV_ADDRESS_SPACE_END                    #
#                            -D_LOCK_BITS_ADDRESS_SPACE_START=(((_NR_OF_BANKS+ #
#                            1)*_FIRST_BANK_ADDR)-0x10)                        #
#                            -D_LOCK_BITS_ADDRESS_SPACE_END=(_LOCK_BITS_ADDRES #
#                            S_SPACE_START+0x0F)                               #
#                            -Z(CODE)LOCK_BITS_ADDRESS_SPACE=_LOCK_BITS_ADDRES #
#                            S_SPACE_START-_LOCK_BITS_ADDRESS_SPACE_END        #
#                            -D_IEEE_ADDRESS_SPACE_START=(_LOCK_BITS_ADDRESS_S #
#                            PACE_START-0x08)                                  #
#                            -D_IEEE_ADDRESS_SPACE_END=(_IEEE_ADDRESS_SPACE_ST #
#                            ART+0x07)                                         #
#                            -Z(CODE)IEEE_ADDRESS_SPACE=_IEEE_ADDRESS_SPACE_ST #
#                            ART-_IEEE_ADDRESS_SPACE_END                       #
#                            -D_DEV_PRIVATE_KEY_ADDRESS_SPACE_START=(_IEEE_ADD #
#                            RESS_SPACE_START-0x16)                            #
#                            -D_DEV_PRIVATE_KEY_ADDRESS_SPACE_END=(_DEV_PRIVAT #
#                            E_KEY_ADDRESS_SPACE_START+0x15)                   #
#                            -Z(CODE)DEV_PRIVATE_KEY_ADDRESS_SPACE=_DEV_PRIVAT #
#                            E_KEY_ADDRESS_SPACE_START-_DEV_PRIVATE_KEY_ADDRES #
#                            S_SPACE_END                                       #
#                            -D_CA_PUBLIC_KEY_ADDRESS_SPACE_START=(_DEV_PRIVAT #
#                            E_KEY_ADDRESS_SPACE_START-0x16)                   #
#                            -D_CA_PUBLIC_KEY_ADDRESS_SPACE_END=(_CA_PUBLIC_KE #
#                            Y_ADDRESS_SPACE_START+0x15)                       #
#                            -Z(CODE)CA_PUBLIC_KEY_ADDRESS_SPACE=_CA_PUBLIC_KE #
#                            Y_ADDRESS_SPACE_START-_CA_PUBLIC_KEY_ADDRESS_SPAC #
#                            E_END                                             #
#                            -D_IMPLICIT_CERTIFICATE_ADDRESS_SPACE_START=(_CA_ #
#                            PUBLIC_KEY_ADDRESS_SPACE_START-0x30)              #
#                            -D_IMPLICIT_CERTIFICATE_ADDRESS_SPACE_END=(_IMPLI #
#                            CIT_CERTIFICATE_ADDRESS_SPACE_START+0x2F)         #
#                            -Z(CODE)IMPLICIT_CERTIFICATE_ADDRESS_SPACE=_IMPLI #
#                            CIT_CERTIFICATE_ADDRESS_SPACE_START-_IMPLICIT_CER #
#                            TIFICATE_ADDRESS_SPACE_END                        #
#                            -D_RESERVED_ADDRESS_SPACE_START=(_IMPLICIT_CERTIF #
#                            ICATE_ADDRESS_SPACE_START-0x78C)                  #
#                            -D_RESERVED_ADDRESS_SPACE_END=(_RESERVED_ADDRESS_ #
#                            SPACE_START+0x78B)                                #
#                            -Z(CODE)RESERVED_ADDRESS_SPACE=_RESERVED_ADDRESS_ #
#                            SPACE_START-_RESERVED_ADDRESS_SPACE_END)          #
#                            -D_NR_OF_VIRTUAL_REGISTERS=10 -D?PBANK=0x93       #
#                            -e?BCALL_FF=?BCALL -e?BRET_FF=?BRET               #
#                            -e?BDISPATCH_FF=?BDISPATCH                        #
#                            -e_small_write=_formatted_write                   #
#                            -e_medium_read=_formatted_read -we24=i -rt -s     #
#                            __program_start                                   #
#                            "D:\Program Files (x86)\IAR Systems\Embedded Work #
#                            bench 6.0 Evaluation\8051\LIB\CLIB\cl-pli-blxd-1e #
#                            16x01.r51"                                        #
#                            -D_IDATA_STACK_SIZE=0xC0                          #
#                            -D_EXTENDED_STACK_START=0x00                      #
#                            -D_EXTENDED_STACK_SIZE=0x00                       #
#                            -D_PDATA_STACK_SIZE=0x80                          #
#                            -D_XDATA_STACK_SIZE=0x300                         #
#                            -D_XDATA_HEAP_SIZE=0x00 -D_FAR_HEAP_SIZE=0x000    #
#                            -D_HUGE_HEAP_SIZE=0x000                           #
#                            -D_FAR22_HEAP_SIZE=0xFFF                          #
#                                                                              #
#                           Copyright (C) 1987-2010 IAR Systems AB.            #
################################################################################





                ****************************************
                *                                      *
                *           CROSS REFERENCE            *
                *                                      *
                ****************************************

       Program entry at : CODE      0000064C  Relocatable, from module : CSTARTUP




                ****************************************
                *                                      *
                *            RUNTIME MODEL             *
                *                                      *
                ****************************************

  __SystemLibrary          = CLib
  __calling_convention     = xdata_reentrant
  __code_model             = banked
  __core                   = plain
  __data_model             = large
  __dptr_size              = 16
  __extended_stack         = disabled
  __location_for_constants = data
  __number_of_dptrs        = 1
  __rt_version             = 1



                ****************************************
                *                                      *
                *              MODULE MAP              *
                *                                      *
                ****************************************


  DEFINED ABSOLUTE ENTRIES
    *************************************************************************

  DEFINED ABSOLUTE ENTRIES
  PROGRAM MODULE, NAME : ?ABS_ENTRY_MOD

Absolute parts
           ENTRY                   ADDRESS         REF BY
           =====                   =======         ======
           _FAR22_HEAP_SIZE        00000FFF 
           _HUGE_HEAP_SIZE         00000000 
           _FAR_HEAP_SIZE          00000000 
           _XDATA_HEAP_SIZE        00000000 
           _XDATA_STACK_SIZE       00000300 
           _PDATA_STACK_SIZE       00000080 
           _EXTENDED_STACK_SIZE    00000000 
           _EXTENDED_STACK_START   00000000 
           _IDATA_STACK_SIZE       000000C0 
           ?PBANK                  00000093 
           _NR_OF_VIRTUAL_REGISTERS
                                   00000010 
           _RESERVED_ADDRESS_SPACE_END
                                   0007FF8B 
           _RESERVED_ADDRESS_SPACE_START
                                   0007F800 
           _IMPLICIT_CERTIFICATE_ADDRESS_SPACE_END
                                   0007FFBB 
           _IMPLICIT_CERTIFICATE_ADDRESS_SPACE_START
                                   0007FF8C 
           _CA_PUBLIC_KEY_ADDRESS_SPACE_END
                                   0007FFD1 
           _CA_PUBLIC_KEY_ADDRESS_SPACE_START
                                   0007FFBC 
           _DEV_PRIVATE_KEY_ADDRESS_SPACE_END
                                   0007FFE7 
           _DEV_PRIVATE_KEY_ADDRESS_SPACE_START
                                   0007FFD2 
           _IEEE_ADDRESS_SPACE_END
                                   0007FFEF 
           _IEEE_ADDRESS_SPACE_START
                                   0007FFE8 
           _LOCK_BITS_ADDRESS_SPACE_END
                                   0007FFFF 
           _LOCK_BITS_ADDRESS_SPACE_START
                                   0007FFF0 
           _ZIGNV_ADDRESS_SPACE_END
                                   0007F7FF 
           _ZIGNV_ADDRESS_SPACE_START
                                   0007C800 
           _SLEEP_CODE_SPACE_END   00007FFF 
           _SLEEP_CODE_SPACE_START
                                   00007FF8 
           ?VB                     00000020        ?BANKED_ENTER_XDATA (?BANKED_ENTER_XDATA)
                                                   ?BANKED_LEAVE_XDATA (?BANKED_LEAVE_XDATA)
                                                   ?INTERRUPT_ENTER_XSP (?INTERRUPT_ENTER_XSP)
                                                   ?INTERRUPT_LEAVE_XSP (?INTERRUPT_LEAVE_XSP)
           _BREG_START             00000000 
           ?PBANK_NUMBER           00000000 
           _REGISTER_BANK_START    00000000 
           ?REGISTER_BANK          00000000        Segment part 6 (CSTARTUP)
           _FIRST_BANK_ADDR        00010000 
           _CODE_END               00007FFF 
           _CODE_START             00000000 
           _IDATA_END              000000FF 
           _XDATA_END              00001EFF 
           _XDATA_START            00000001 
           ?CBANK                  0000009F        Segment part 0 (?BANKED_CODE_SUPPORT)
           ?CBANK_MASK             000000FF 
           _CODEBANK_START         00008000 
           _CODEBANK_END           0000FFFF 
           _NR_OF_BANKS            00000007 
    *************************************************************************

  FILE NAME : C:\ZStack-CC2530-2.5.1a\Projects\zstack\Libraries\TI2530DB\bin\Router-Pro.lib
  LIBRARY MODULE, NAME : nwk

  SEGMENTS IN THE MODULE
  ======================
XDATA_Z
  Relative segment, address: XDATA 00000301 - 0000036E (0x6e bytes), align: 0
  Segment part 9.
           ENTRY                   ADDRESS         REF BY
           =====                   =======         ======
           _NIB                    00000301        MAC_CbackEvent (zmac_cb)
    -------------------------------------------------------------------------
XDATA_Z
  Relative segment, address: XDATA 0000036F - 0000036F (0x1 bytes), align: 0
  Segment part 10.            Intra module refs:   Segment part 421
                                                   nwk_broadcastSend
           ENTRY                   ADDRESS         REF BY
           =====                   =======         ======
           NWK_TaskID              0000036F        MAC_CbackEvent (zmac_cb)
    -------------------------------------------------------------------------
XDATA_Z
  Relative segment, address: XDATA 00000370 - 00000371 (0x2 bytes), align: 0
  Segment part 19.            Intra module refs:   nwk_broadcastSend
    -------------------------------------------------------------------------
<BANKED_CODE,BANK_RELAYS..> 1 (was BANKED_CODE)
  Relative segment, address: CODE 000034C1 - 000034C5 (0x5 bytes), align: 0
  Segment part 273.           Intra module refs:   nwkDB_ReturnIndirectHoldingCnt::?relay
           ENTRY                   ADDRESS         REF BY
           =====                   =======         ======
           nwkDB_ReturnIndirectHoldingCnt
                                   000034C1 
    -------------------------------------------------------------------------
<BANKED_CODE,BANK_RELAYS..> 1 (was BANKED_CODE)
  Relative segment, address: CODE 000034C6 - 0000351E (0x59 bytes), align: 0
  Segment part 298.           Intra module refs:   nwk_broadcastSend::?relay
           ENTRY                   ADDRESS         REF BY
           =====                   =======         ======
           nwk_broadcastSend       000034C6 
               calls direct
               ISTACK = 00000000 ( 00000003 )
    -------------------------------------------------------------------------
<BANKED_CODE,BANK_RELAYS..> 1 (was BANKED_CODE)
  Relative segment, address: CODE 0000351F - 00003529 (0xb bytes), align: 0
  Segment part 300.           Intra module refs:   nwk_broadcastSend
    -------------------------------------------------------------------------
<BANKED_CODE,BANK_RELAYS..> 1 (was BANKED_CODE)
  Relative segment, address: CODE 0000352A - 0000352E (0x5 bytes), align: 0
  Segment part 304.           Intra module refs:   nwk_broadcastSend
    -------------------------------------------------------------------------
<BANKED_CODE,BANK_RELAYS..> 1 (was BANKED_CODE)
  Relative segment, address: CODE 0000352F - 00003533 (0x5 bytes), align: 0
  Segment part 305.           Intra module refs:   Segment part 304
    -------------------------------------------------------------------------
<BANKED_CODE,BANK_RELAYS..> 1 (was BANKED_CODE)
  Relative segment, address: CODE 00003534 - 00003539 (0x6 bytes), align: 0
  Segment part 332.           Intra module refs:   Segment part 305
    -------------------------------------------------------------------------
<BANKED_CODE,BANK_RELAYS..> 1 (was BANKED_CODE)
  Relative segment, address: CODE 0000353A - 00003540 (0x7 bytes), align: 0
  Segment part 383.           Intra module refs:   nwk_broadcastSend
    -------------------------------------------------------------------------
<BANKED_CODE,BANK_RELAYS..> 1 (was BANKED_CODE)
  Relative segment, address: CODE 00003541 - 00003543 (0x3 bytes), align: 0
  Segment part 421.           Intra module refs:   nwk_broadcastSend
    -------------------------------------------------------------------------
<BANKED_CODE,BANK_RELAYS..> 1 (was BANKED_CODE)
  Relative segment, address: CODE 00003544 - 00003549 (0x6 bytes), align: 0
  Segment part 422.           Intra module refs:   Segment part 421
    -------------------------------------------------------------------------
<BANKED_CODE,BANK_RELAYS..> 1 (was BANK_RELAYS)
  Relative segment, address: CODE 0000096C - 00000971 (0x6 bytes), align: 0
  Segment part 274.
           ENTRY                   ADDRESS         REF BY
           =====                   =======         ======
           nwkDB_ReturnIndirectHoldingCnt::?relay
                                   0000096C        MAC_CbackCheckPending (zmac_cb)
    -------------------------------------------------------------------------
<BANKED_CODE,BANK_RELAYS..> 1 (was BANK_RELAYS)
  Relative segment, address: CODE 00000966 - 0000096B (0x6 bytes), align: 0
  Segment part 299.
           ENTRY                   ADDRESS         REF BY
           =====                   =======         ======
           nwk_broadcastSend::?relay
                                   00000966        MAC_CbackEvent (zmac_cb)

    *************************************************************************

  FILE NAME : C:\ZStack-CC2530-2.5.1a\Projects\zstack\Libraries\TI2530DB\bin\Security.lib
  LIBRARY MODULE, NAME : hal_aes

  SEGMENTS IN THE MODULE
  ======================
SFR_AN
  Relative segment, address: DATA 000000B3 - 000000B3 (0x1 bytes), align: 0
  Segment part 1. ROOT.
           ENTRY                   ADDRESS         REF BY
           =====                   =======         ======
           ENCCS                   000000B3 

    *************************************************************************

  FILE NAME : C:\ZStack-CC2530-2.5.1a\Projects\zstack\Libraries\TIMAC\bin\TIMAC-CC2530.lib
  LIBRARY MODULE, NAME : mac_beacon

  SEGMENTS IN THE MODULE
  ======================
<BANKED_CODE,BANK_RELAYS..> 1 (was BANKED_CODE)
  Relative segment, address: CODE 00000A60 - 00000A64 (0x5 bytes), align: 0
  Segment part 171.           Intra module refs:   macBackoffTimerTriggerCallback
                                                   macTimerUpdateBackoffTimer
    -------------------------------------------------------------------------
<BANKED_CODE,BANK_RELAYS..> 1 (was CODE_C)
  Relative segment, address: CODE 00000A4E - 00000A56 (0x9 bytes), align: 0
  Segment part 19.            Intra module refs:   macRxCompleteCallback
    -------------------------------------------------------------------------
<BANKED_CODE,BANK_RELAYS..> 1 (was CODE_C)
  Relative segment, address: CODE 00000A38 - 00000A42 (0xb bytes), align: 0
  Segment part 20.            Intra module refs:   macDataTxComplete
           ENTRY                   ADDRESS         REF BY
           =====                   =======         ======
           macTxFrameSuccess       00000A38 
    -------------------------------------------------------------------------
<BANKED_CODE,BANK_RELAYS..> 1 (was CODE_C)
  Relative segment, address: CODE 00000A2D - 00000A37 (0xb bytes), align: 0
  Segment part 21.            Intra module refs:   macDataTxComplete
           ENTRY                   ADDRESS         REF BY
           =====                   =======         ======
           macTxFrameFailed        00000A2D 
    -------------------------------------------------------------------------
XDATA_Z
  Relative segment, address: XDATA 00000372 - 0000037A (0x9 bytes), align: 0
  Segment part 22.            Intra module refs:   macDataRxMemAlloc
                                                   macRxCheckMACPendingCallback
                                                   macRxCompleteCallback
           ENTRY                   ADDRESS         REF BY
           =====                   =======         ======
           macData                 00000372 
    -------------------------------------------------------------------------
XDATA_Z
  Relative segment, address: XDATA 0000037B - 0000037C (0x2 bytes), align: 0
  Segment part 23.            Intra module refs:   Segment part 332
                                                   Segment part 373
                                                   Segment part 374
                                                   Segment part 501
                                                   macTxCompleteCallback
           ENTRY                   ADDRESS         REF BY
           =====                   =======         ======
           pMacDataTx              0000037B        ?Subroutine2 (mac_tx)
                                                   macTxFrame (mac_tx)
                                                   macTxTimestampCallback (mac_tx)
                                                   rxStartIsr (mac_rx)
    -------------------------------------------------------------------------
XDATA_I
  Relative segment, address: XDATA 00000617 - 00000618 (0x2 bytes), align: 0
  Segment part 26.            Intra module refs:   Segment part 374
           ENTRY                   ADDRESS         REF BY
           =====                   =======         ======
           macDataRequeueIndirect
                                   00000617 
    -------------------------------------------------------------------------
XDATA_I
  Relative segment, address: XDATA 00000619 - 0000061A (0x2 bytes), align: 0
  Segment part 28.            Intra module refs:   macRxCompleteCallback
           ENTRY                   ADDRESS         REF BY
           =====                   =======         ======
           macDataRxBeaconCritical
                                   00000619 
    -------------------------------------------------------------------------
XDATA_I
  Relative segment, address: XDATA 0000061B - 0000061C (0x2 bytes), align: 0
  Segment part 30.            Intra module refs:   macDataTxComplete
           ENTRY                   ADDRESS         REF BY
           =====                   =======         ======
           macDataTxBeaconComplete
                                   0000061B 
    -------------------------------------------------------------------------
XDATA_Z
  Relative segment, address: XDATA 0000037D - 0000037E (0x2 bytes), align: 0
  Segment part 36.            Intra module refs:   macDataTxTimeAvailable
           ENTRY                   ADDRESS         REF BY
           =====                   =======         ======
           macDataCheckTxTime      0000037D 
    -------------------------------------------------------------------------
XDATA_I
  Relative segment, address: XDATA 0000061D - 0000061E (0x2 bytes), align: 0
  Segment part 37.            Intra module refs:   macTxCompleteCallback
           ENTRY                   ADDRESS         REF BY
           =====                   =======         ======
           macDataBeaconRequeue    0000061D 
    -------------------------------------------------------------------------
<BANKED_CODE,BANK_RELAYS..> 1 (was CODE_C)
  Relative segment, address: CODE 00000A43 - 00000A4D (0xb bytes), align: 0
  Segment part 49.            Intra module refs:   macCbackForEvent
           ENTRY                   ADDRESS         REF BY
           =====                   =======         ======
           macCbackEventTbl        00000A43 
    -------------------------------------------------------------------------
XDATA_Z
  Relative segment, address: XDATA 0000037F - 0000037F (0x1 bytes), align: 0
  Segment part 50.            Intra module refs:   Segment part 367
                                                   macSetEvent
           ENTRY                   ADDRESS         REF BY
           =====                   =======         ======
           macTaskId               0000037F 
    -------------------------------------------------------------------------
XDATA_Z
  Relative segment, address: XDATA 00000380 - 00000386 (0x7 bytes), align: 0
  Segment part 51.            Intra module refs:   macRxCheckMACPendingCallback
                                                   macRxCheckPendingCallback
                                                   macStateIdle
                                                   macStateScanning
                                                   mac_msg_deallocate
           ENTRY                   ADDRESS         REF BY
           =====                   =======         ======
           macMain                 00000380 
    -------------------------------------------------------------------------
XDATA_Z
  Relative segment, address: XDATA 00000387 - 00000388 (0x2 bytes), align: 0
  Segment part 70.            Intra module refs:   Segment part 809
                                                   macBackoffTimerRolloverCallback
                                                   macTimerCancel
                                                   macTimerUpdateBackoffTimer
           ENTRY                   ADDRESS         REF BY
           =====                   =======         ======
           timerUnalignedQ         00000387 
    -------------------------------------------------------------------------
XDATA_Z
  Relative segment, address: XDATA 00000389 - 0000038A (0x2 bytes), align: 0
  Segment part 71.            Intra module refs:   macBackoffTimerRolloverCallback
                                                   macTimerCancel
                                                   macTimerUpdateBackoffTimer
           ENTRY                   ADDRESS         REF BY
           =====                   =======         ======
           timerAlignedQ           00000389 
    -------------------------------------------------------------------------
XDATA_I
  Relative segment, address: XDATA 0000061F - 00000622 (0x4 bytes), align: 0
  Segment part 72.            Intra module refs:   macBackoffTimerRolloverCallback
                                                   macBackoffTimerTriggerCallback
                                                   macTimerUpdateBackoffTimer
    -------------------------------------------------------------------------
XDATA_I
  Relative segment, address: XDATA 00000623 - 00000626 (0x4 bytes), align: 0
  Segment part 74.            Intra module refs:   macBackoffTimerRolloverCallback
    -------------------------------------------------------------------------
XDATA_Z
  Relative segment, address: XDATA 0000038B - 0000038C (0x2 bytes), align: 0
  Segment part 76.            Intra module refs:   Segment part 799
                                                   Segment part 801
                                                   Segment part 813
                                                   macBackoffTimerTriggerCallback
                                                   macTimerUpdateBackoffTimer
    -------------------------------------------------------------------------
<BANKED_CODE,BANK_RELAYS..> 1 (was BANKED_CODE)
  Relative segment, address: CODE 00000A65 - 00000A6B (0x7 bytes), align: 0
  Segment part 210.           Intra module refs:   macCbackForEvent
    -------------------------------------------------------------------------
<BANKED_CODE,BANK_RELAYS..> 1 (was BANKED_CODE)
  Relative segment, address: CODE 00000A6C - 00000A70 (0x5 bytes), align: 0
  Segment part 225.           Intra module refs:   Segment part 817
                                                   macTimerRecalcUnaligned
    -------------------------------------------------------------------------
<BANKED_CODE,BANK_RELAYS..> 1 (was BANKED_CODE)
  Relative segment, address: CODE 00000A71 - 00000A73 (0x3 bytes), align: 0
  Segment part 251.           Intra module refs:   Segment part 588
    -------------------------------------------------------------------------
<BANKED_CODE,BANK_RELAYS..> 1 (was BANKED_CODE)
  Relative segment, address: CODE 00000A74 - 00000A79 (0x6 bytes), align: 0
  Segment part 252.           Intra module refs:   Segment part 251
                                                   Segment part 273
                                                   Segment part 275
                                                   Segment part 286
                                                   Segment part 366
    -------------------------------------------------------------------------
<BANKED_CODE,BANK_RELAYS..> 1 (was BANKED_CODE)
  Relative segment, address: CODE 00000A7A - 00000A7C (0x3 bytes), align: 0
  Segment part 272.           Intra module refs:   macCbackForEvent
    -------------------------------------------------------------------------
<BANKED_CODE,BANK_RELAYS..> 1 (was BANKED_CODE)
  Relative segment, address: CODE 00000A7D - 00000A81 (0x5 bytes), align: 0
  Segment part 273.           Intra module refs:   Segment part 272
                                                   macDataTxComplete
    -------------------------------------------------------------------------
<BANKED_CODE,BANK_RELAYS..> 1 (was BANKED_CODE)
  Relative segment, address: CODE 00000A82 - 00000A87 (0x6 bytes), align: 0
  Segment part 275.           Intra module refs:   macDataTxComplete
    -------------------------------------------------------------------------
<BANKED_CODE,BANK_RELAYS..> 1 (was BANKED_CODE)
  Relative segment, address: CODE 00000A88 - 00000A8F (0x8 bytes), align: 0
  Segment part 276.           Intra module refs:   macTimerRecalcUnaligned
    -------------------------------------------------------------------------
<BANKED_CODE,BANK_RELAYS..> 1 (was BANKED_CODE)
  Relative segment, address: CODE 00000A90 - 00000A92 (0x3 bytes), align: 0
  Segment part 285.           Intra module refs:   macCbackForEvent
    -------------------------------------------------------------------------
<BANKED_CODE,BANK_RELAYS..> 1 (was BANKED_CODE)
  Relative segment, address: CODE 00000A93 - 00000A96 (0x4 bytes), align: 0
  Segment part 286.           Intra module refs:   Segment part 285
                                                   macDataTxComplete
    -------------------------------------------------------------------------
<BANKED_CODE,BANK_RELAYS..> 1 (was BANKED_CODE)
  Relative segment, address: CODE 00000A97 - 00000A9C (0x6 bytes), align: 0
  Segment part 315.           Intra module refs:   macCbackForEvent
                                                   macCommStatusInd
    -------------------------------------------------------------------------
<BANKED_CODE,BANK_RELAYS..> 1 (was BANKED_CODE)
  Relative segment, address: CODE 00000A9D - 00000AA0 (0x4 bytes), align: 0
  Segment part 320.           Intra module refs:   macRxCompleteCallback
    -------------------------------------------------------------------------
<BANKED_CODE,BANK_RELAYS..> 1 (was BANKED_CODE)
  Relative segment, address: CODE 00000AA1 - 00000AA6 (0x6 bytes), align: 0
  Segment part 323.           Intra module refs:   Segment part 320
    -------------------------------------------------------------------------
<BANKED_CODE,BANK_RELAYS..> 1 (was BANKED_CODE)
  Relative segment, address: CODE 00000AA7 - 00000AC1 (0x1b bytes), align: 0
  Segment part 328.           Intra module refs:   macRxCheckPendingCallback::?relay
           ENTRY                   ADDRESS         REF BY
           =====                   =======         ======
           macRxCheckPendingCallback
                                   00000AA7 
               calls direct
               ISTACK = 00000000 ( 00000002 )
    -------------------------------------------------------------------------
<BANKED_CODE,BANK_RELAYS..> 1 (was BANKED_CODE)
  Relative segment, address: CODE 00000AC2 - 00000AE6 (0x25 bytes), align: 0
  Segment part 330.           Intra module refs:   macRxCheckMACPendingCallback::?relay
           ENTRY                   ADDRESS         REF BY
           =====                   =======         ======
           macRxCheckMACPendingCallback
                                   00000AC2 
               ISTACK = 00000000 ( 00000002 )
    -------------------------------------------------------------------------
<BANKED_CODE,BANK_RELAYS..> 1 (was BANKED_CODE)
  Relative segment, address: CODE 00000AE7 - 00000AEC (0x6 bytes), align: 0
  Segment part 332.           Intra module refs:   macRxCheckMACPendingCallback
    -------------------------------------------------------------------------
<BANKED_CODE,BANK_RELAYS..> 1 (was BANKED_CODE)
  Relative segment, address: CODE 00000AED - 00000AF2 (0x6 bytes), align: 0
  Segment part 333.           Intra module refs:   Segment part 332
                                                   macTxCompleteCallback
    -------------------------------------------------------------------------
<BANKED_CODE,BANK_RELAYS..> 1 (was BANKED_CODE)
  Relative segment, address: CODE 00000AF3 - 00000B0F (0x1d bytes), align: 0
  Segment part 334.           Intra module refs:   macDataRxMemAlloc::?relay
           ENTRY                   ADDRESS         REF BY
           =====                   =======         ======
           macDataRxMemAlloc       00000AF3 
               calls direct
               ISTACK = 00000000 ( 00000002 )
    -------------------------------------------------------------------------
<BANKED_CODE,BANK_RELAYS..> 1 (was BANKED_CODE)
  Relative segment, address: CODE 00000B10 - 00000B1B (0xc bytes), align: 0
  Segment part 336.           Intra module refs:   macDataRxMemFree::?relay
           ENTRY                   ADDRESS         REF BY
           =====                   =======         ======
           macDataRxMemFree        00000B10 
               calls direct
               ISTACK = 00000000 ( 00000002 )
    -------------------------------------------------------------------------
<BANKED_CODE,BANK_RELAYS..> 1 (was BANKED_CODE)
  Relative segment, address: CODE 00000B1C - 00000C55 (0x13a bytes), align: 0
  Segment part 338.           Intra module refs:   macRxCompleteCallback::?relay
           ENTRY                   ADDRESS         REF BY
           =====                   =======         ======
           macRxCompleteCallback   00000B1C 
               calls direct
               XSTACK = 00000000 ( 00000002 )
               ISTACK = 00000000 ( 00000003 )
    -------------------------------------------------------------------------
<BANKED_CODE,BANK_RELAYS..> 1 (was BANKED_CODE)
  Relative segment, address: CODE 00000C56 - 00000C56 (0x1 bytes), align: 0
  Segment part 340.           Intra module refs:   Segment part 626
                                                   macRxCompleteCallback
    -------------------------------------------------------------------------
<BANKED_CODE,BANK_RELAYS..> 1 (was BANKED_CODE)
  Relative segment, address: CODE 00000C57 - 00000C5A (0x4 bytes), align: 0
  Segment part 341.           Intra module refs:   Segment part 340
                                                   Segment part 800
                                                   macDataTxTimeAvailable
    -------------------------------------------------------------------------
<BANKED_CODE,BANK_RELAYS..> 1 (was BANKED_CODE)
  Relative segment, address: CODE 00000C5B - 00000C67 (0xd bytes), align: 0
  Segment part 342.           Intra module refs:   macRxCompleteCallback
    -------------------------------------------------------------------------
<BANKED_CODE,BANK_RELAYS..> 1 (was BANKED_CODE)
  Relative segment, address: CODE 00000C68 - 00000C6B (0x4 bytes), align: 0
  Segment part 343.           Intra module refs:   macRxCompleteCallback
    -------------------------------------------------------------------------
<BANKED_CODE,BANK_RELAYS..> 1 (was BANKED_CODE)
  Relative segment, address: CODE 00000C6C - 00000C70 (0x5 bytes), align: 0
  Segment part 344.           Intra module refs:   Segment part 343
                                                   Segment part 349
    -------------------------------------------------------------------------
<BANKED_CODE,BANK_RELAYS..> 1 (was BANKED_CODE)
  Relative segment, address: CODE 00000C71 - 00000C72 (0x2 bytes), align: 0
  Segment part 346.           Intra module refs:   macRxCompleteCallback
    -------------------------------------------------------------------------
<BANKED_CODE,BANK_RELAYS..> 1 (was BANKED_CODE)
  Relative segment, address: CODE 00000C73 - 00000C79 (0x7 bytes), align: 0
  Segment part 347.           Intra module refs:   Segment part 346
    -------------------------------------------------------------------------
<BANKED_CODE,BANK_RELAYS..> 1 (was BANKED_CODE)
  Relative segment, address: CODE 00000C7A - 00000C7D (0x4 bytes), align: 0
  Segment part 348.           Intra module refs:   macRxCompleteCallback
    -------------------------------------------------------------------------
<BANKED_CODE,BANK_RELAYS..> 1 (was BANKED_CODE)
  Relative segment, address: CODE 00000C7E - 00000C87 (0xa bytes), align: 0
  Segment part 349.           Intra module refs:   Segment part 348
                                                   macRxCompleteCallback
    -------------------------------------------------------------------------
<BANKED_CODE,BANK_RELAYS..> 1 (was BANKED_CODE)
  Relative segment, address: CODE 00000C88 - 00000CA0 (0x19 bytes), align: 0
  Segment part 350.           Intra module refs:   macDataTxTimeAvailable::?relay
           ENTRY                   ADDRESS         REF BY
           =====                   =======         ======
           macDataTxTimeAvailable
                                   00000C88 
               ISTACK = 00000000 ( 00000002 )
    -------------------------------------------------------------------------
<BANKED_CODE,BANK_RELAYS..> 1 (was BANKED_CODE)
  Relative segment, address: CODE 00000CA1 - 00000D29 (0x89 bytes), align: 0
  Segment part 358.           Intra module refs:   macDataTxComplete::?relay
           ENTRY                   ADDRESS         REF BY
           =====                   =======         ======
           macDataTxComplete       00000CA1 
               calls direct
               XSTACK = 00000010 ( 00000000 )
               ISTACK = 00000000 ( 00000003 )
    -------------------------------------------------------------------------
<BANKED_CODE,BANK_RELAYS..> 1 (was BANKED_CODE)
  Relative segment, address: CODE 00000D2A - 00000D2A (0x1 bytes), align: 0
  Segment part 360.           Intra module refs:   macDataTxComplete
    -------------------------------------------------------------------------
<BANKED_CODE,BANK_RELAYS..> 1 (was BANKED_CODE)
  Relative segment, address: CODE 00000D2B - 00000D2F (0x5 bytes), align: 0
  Segment part 361.           Intra module refs:   Segment part 360
    -------------------------------------------------------------------------
<BANKED_CODE,BANK_RELAYS..> 1 (was BANKED_CODE)
  Relative segment, address: CODE 00000D30 - 00000D34 (0x5 bytes), align: 0
  Segment part 363.           Intra module refs:   Segment part 361
                                                   Segment part 365
    -------------------------------------------------------------------------
<BANKED_CODE,BANK_RELAYS..> 1 (was BANKED_CODE)
  Relative segment, address: CODE 00000D35 - 00000D3E (0xa bytes), align: 0
  Segment part 364.           Intra module refs:   macDataTxComplete
    -------------------------------------------------------------------------
<BANKED_CODE,BANK_RELAYS..> 1 (was BANKED_CODE)
  Relative segment, address: CODE 00000D3F - 00000D43 (0x5 bytes), align: 0
  Segment part 365.           Intra module refs:   macDataTxComplete
    -------------------------------------------------------------------------
<BANKED_CODE,BANK_RELAYS..> 1 (was BANKED_CODE)
  Relative segment, address: CODE 00000D44 - 00000D49 (0x6 bytes), align: 0
  Segment part 366.           Intra module refs:   Segment part 365
    -------------------------------------------------------------------------
<BANKED_CODE,BANK_RELAYS..> 1 (was BANKED_CODE)
  Relative segment, address: CODE 00000D4A - 00000D53 (0xa bytes), align: 0
  Segment part 367.           Intra module refs:   macDataTxComplete
    -------------------------------------------------------------------------
<BANKED_CODE,BANK_RELAYS..> 1 (was BANKED_CODE)
  Relative segment, address: CODE 00000D54 - 00000E18 (0xc5 bytes), align: 0
  Segment part 368.           Intra module refs:   macTxCompleteCallback::?relay
           ENTRY                   ADDRESS         REF BY
           =====                   =======         ======
           macTxCompleteCallback   00000D54 
               calls direct, is recursive
               XSTACK = 00000000 ( 00000009 )
               ISTACK = 00000000 ( 00000001 )
    -------------------------------------------------------------------------
<BANKED_CODE,BANK_RELAYS..> 1 (was BANKED_CODE)
  Relative segment, address: CODE 00000E19 - 00000E1A (0x2 bytes), align: 0
  Segment part 370.           Intra module refs:   macTxCompleteCallback
    -------------------------------------------------------------------------
<BANKED_CODE,BANK_RELAYS..> 1 (was BANKED_CODE)
  Relative segment, address: CODE 00000E1B - 00000E1B (0x1 bytes), align: 0
  Segment part 371.           Intra module refs:   Segment part 370
                                                   macTxCompleteCallback
    -------------------------------------------------------------------------
<BANKED_CODE,BANK_RELAYS..> 1 (was BANKED_CODE)
  Relative segment, address: CODE 00000E1C - 00000E1F (0x4 bytes), align: 0
  Segment part 372.           Intra module refs:   Segment part 371
                                                   macRxCompleteCallback
                                                   macTxCompleteCallback
    -------------------------------------------------------------------------
<BANKED_CODE,BANK_RELAYS..> 1 (was BANKED_CODE)
  Relative segment, address: CODE 00000E20 - 00000E29 (0xa bytes), align: 0
  Segment part 373.           Intra module refs:   macTxCompleteCallback
    -------------------------------------------------------------------------
<BANKED_CODE,BANK_RELAYS..> 1 (was BANKED_CODE)
  Relative segment, address: CODE 00000E2A - 00000E37 (0xe bytes), align: 0
  Segment part 374.           Intra module refs:   macTxCompleteCallback
    -------------------------------------------------------------------------
<BANKED_CODE,BANK_RELAYS..> 1 (was BANKED_CODE)
  Relative segment, address: CODE 00000E38 - 00000E38 (0x1 bytes), align: 0
  Segment part 381.           Intra module refs:   Segment part 333
                                                   Segment part 373
    -------------------------------------------------------------------------
<BANKED_CODE,BANK_RELAYS..> 1 (was BANKED_CODE)
  Relative segment, address: CODE 00000E39 - 00000E3D (0x5 bytes), align: 0
  Segment part 382.           Intra module refs:   Segment part 372
                                                   Segment part 381
    -------------------------------------------------------------------------
<BANKED_CODE,BANK_RELAYS..> 1 (was BANKED_CODE)
  Relative segment, address: CODE 00000E3E - 00000E43 (0x6 bytes), align: 0
  Segment part 383.           Intra module refs:   macRxCompleteCallback
    -------------------------------------------------------------------------
<BANKED_CODE,BANK_RELAYS..> 1 (was BANKED_CODE)
  Relative segment, address: CODE 00000E44 - 00000E48 (0x5 bytes), align: 0
  Segment part 384.           Intra module refs:   Segment part 383
                                                   macRxCompleteCallback
    -------------------------------------------------------------------------
<BANKED_CODE,BANK_RELAYS..> 1 (was BANKED_CODE)
  Relative segment, address: CODE 00000E49 - 00000E50 (0x8 bytes), align: 0
  Segment part 385.           Intra module refs:   Segment part 349
                                                   Segment part 384
    -------------------------------------------------------------------------
<BANKED_CODE,BANK_RELAYS..> 1 (was BANKED_CODE)
  Relative segment, address: CODE 00000E51 - 00000E54 (0x4 bytes), align: 0
  Segment part 389.           Intra module refs:   macBackoffTimerTriggerCallback
                                                   macDataTxComplete
                                                   macRxCompleteCallback
                                                   macTxCompleteCallback
    -------------------------------------------------------------------------
<BANKED_CODE,BANK_RELAYS..> 1 (was BANKED_CODE)
  Relative segment, address: CODE 00000E55 - 00000E58 (0x4 bytes), align: 0
  Segment part 390.           Intra module refs:   Segment part 374
                                                   Segment part 389
                                                   Segment part 628
                                                   Segment part 636
    -------------------------------------------------------------------------
<BANKED_CODE,BANK_RELAYS..> 1 (was BANKED_CODE)
  Relative segment, address: CODE 00000E59 - 00000E5A (0x2 bytes), align: 0
  Segment part 391.           Intra module refs:   Segment part 390
                                                   Segment part 804
    -------------------------------------------------------------------------
<BANKED_CODE,BANK_RELAYS..> 1 (was BANKED_CODE)
  Relative segment, address: CODE 00000E5B - 00000E5B (0x1 bytes), align: 0
  Segment part 392.           Intra module refs:   Segment part 385
                                                   Segment part 391
    -------------------------------------------------------------------------
<BANKED_CODE,BANK_RELAYS..> 1 (was BANKED_CODE)
  Relative segment, address: CODE 00000E5C - 00000E61 (0x6 bytes), align: 0
  Segment part 393.           Intra module refs:   Segment part 341
                                                   Segment part 392
    -------------------------------------------------------------------------
<BANKED_CODE,BANK_RELAYS..> 1 (was BANKED_CODE)
  Relative segment, address: CODE 00000E62 - 00000E68 (0x7 bytes), align: 0
  Segment part 406.           Intra module refs:   Segment part 323
                                                   macDataRxMemAlloc
                                                   macDataRxMemFree
                                                   macDataTxComplete
                                                   macDataTxTimeAvailable
                                                   macRxCheckMACPendingCallback
                                                   macRxCheckPendingCallback
                                                   macStateIdle
                                                   macStateScanning
    -------------------------------------------------------------------------
<BANKED_CODE,BANK_RELAYS..> 1 (was BANKED_CODE)
  Relative segment, address: CODE 00000E69 - 00000E6B (0x3 bytes), align: 0
  Segment part 416.           Intra module refs:   macSecCpy
    -------------------------------------------------------------------------
<BANKED_CODE,BANK_RELAYS..> 1 (was BANKED_CODE)
  Relative segment, address: CODE 00000E6C - 00000E6E (0x3 bytes), align: 0
  Segment part 417.           Intra module refs:   Segment part 416
    -------------------------------------------------------------------------
<BANKED_CODE,BANK_RELAYS..> 1 (was BANKED_CODE)
  Relative segment, address: CODE 00000E6F - 00000E73 (0x5 bytes), align: 0
  Segment part 418.           Intra module refs:   Segment part 417
    -------------------------------------------------------------------------
<BANKED_CODE,BANK_RELAYS..> 1 (was BANKED_CODE)
  Relative segment, address: CODE 00000E74 - 00000E78 (0x5 bytes), align: 0
  Segment part 452.           Intra module refs:   Segment part 315
                                                   Segment part 533
                                                   macTimerRemoveTimer
                                                   macTxCompleteCallback
    -------------------------------------------------------------------------
<BANKED_CODE,BANK_RELAYS..> 1 (was BANKED_CODE)
  Relative segment, address: CODE 00000E79 - 00000E8D (0x15 bytes), align: 0
  Segment part 472.           Intra module refs:   macCommStatusInd
    -------------------------------------------------------------------------
<BANKED_CODE,BANK_RELAYS..> 1 (was BANKED_CODE)
  Relative segment, address: CODE 00000E8E - 00000E91 (0x4 bytes), align: 0
  Segment part 473.           Intra module refs:   macRxCompleteCallback
    -------------------------------------------------------------------------
<BANKED_CODE,BANK_RELAYS..> 1 (was BANKED_CODE)
  Relative segment, address: CODE 00000E92 - 00000E99 (0x8 bytes), align: 0
  Segment part 474.           Intra module refs:   Segment part 473
    -------------------------------------------------------------------------
<BANKED_CODE,BANK_RELAYS..> 1 (was BANKED_CODE)
  Relative segment, address: CODE 00000E9A - 00000E9D (0x4 bytes), align: 0
  Segment part 476.           Intra module refs:   macCbackForEvent
    -------------------------------------------------------------------------
<BANKED_CODE,BANK_RELAYS..> 1 (was BANKED_CODE)
  Relative segment, address: CODE 00000E9E - 00000EB1 (0x14 bytes), align: 0
  Segment part 489.           Intra module refs:   macSetEvent::?relay
           ENTRY                   ADDRESS         REF BY
           =====                   =======         ======
           macSetEvent             00000E9E 
               calls direct, is indirectly called
               XSTACK = 00000011 ( 0000000A )
    -------------------------------------------------------------------------
<BANKED_CODE,BANK_RELAYS..> 1 (was BANKED_CODE)
  Relative segment, address: CODE 00000EB2 - 00000FBF (0x10e bytes), align: 0
  Segment part 491.           Intra module refs:   macCbackForEvent::?relay
           ENTRY                   ADDRESS         REF BY
           =====                   =======         ======
           macCbackForEvent        00000EB2 
               calls direct
               XSTACK = 00000014 ( 00000019 )
               ISTACK = 00000000 ( 00000001 )
    -------------------------------------------------------------------------
<BANKED_CODE,BANK_RELAYS..> 1 (was BANKED_CODE)
  Relative segment, address: CODE 00000FC0 - 00000FD2 (0x13 bytes), align: 0
  Segment part 493.           Intra module refs:   macStateIdle::?relay
           ENTRY                   ADDRESS         REF BY
           =====                   =======         ======
           macStateIdle            00000FC0 
               XSTACK = 00000017 ( 00000000 )
               ISTACK = 00000000 ( 00000002 )
    -------------------------------------------------------------------------
<BANKED_CODE,BANK_RELAYS..> 1 (was BANKED_CODE)
  Relative segment, address: CODE 00000FD3 - 00000FE7 (0x15 bytes), align: 0
  Segment part 497.           Intra module refs:   macStateScanning::?relay
           ENTRY                   ADDRESS         REF BY
           =====                   =======         ======
           macStateScanning        00000FD3 
               XSTACK = 0000000C ( 00000000 )
               ISTACK = 00000000 ( 00000002 )
    -------------------------------------------------------------------------
<BANKED_CODE,BANK_RELAYS..> 1 (was BANKED_CODE)
  Relative segment, address: CODE 00000FE8 - 00000FEA (0x3 bytes), align: 0
  Segment part 501.           Intra module refs:   macRxCheckMACPendingCallback
                                                   macTxCompleteCallback
    -------------------------------------------------------------------------
<BANKED_CODE,BANK_RELAYS..> 1 (was BANKED_CODE)
  Relative segment, address: CODE 00000FEB - 00000FF0 (0x6 bytes), align: 0
  Segment part 502.           Intra module refs:   Segment part 501
                                                   macBackoffTimerTriggerCallback
                                                   macDataTxTimeAvailable
                                                   macTimerUpdateBackoffTimer
                                                   mac_msg_deallocate
    -------------------------------------------------------------------------
<BANKED_CODE,BANK_RELAYS..> 1 (was BANKED_CODE)
  Relative segment, address: CODE 00000FF1 - 00000FF6 (0x6 bytes), align: 0
  Segment part 514.           Intra module refs:   macCbackForEvent
                                                   macRxCompleteCallback
    -------------------------------------------------------------------------
<BANKED_CODE,BANK_RELAYS..> 1 (was BANKED_CODE)
  Relative segment, address: CODE 00000FF7 - 00000FFB (0x5 bytes), align: 0
  Segment part 524.           Intra module refs:   macRxCompleteCallback
                                                   macTxCompleteCallback
    -------------------------------------------------------------------------
<BANKED_CODE,BANK_RELAYS..> 1 (was BANKED_CODE)
  Relative segment, address: CODE 00000FFC - 00001000 (0x5 bytes), align: 0
  Segment part 525.           Intra module refs:   Segment part 374
                                                   Segment part 524
                                                   macTimerRemoveTimer
    -------------------------------------------------------------------------
<BANKED_CODE,BANK_RELAYS..> 1 (was BANKED_CODE)
  Relative segment, address: CODE 00001001 - 00001049 (0x49 bytes), align: 0
  Segment part 530.           Intra module refs:   mac_msg_deallocate::?relay
           ENTRY                   ADDRESS         REF BY
           =====                   =======         ======
           mac_msg_deallocate      00001001 
               calls direct
               XSTACK = 0000000C ( 00000009 )
    -------------------------------------------------------------------------
<BANKED_CODE,BANK_RELAYS..> 1 (was BANKED_CODE)
  Relative segment, address: CODE 0000104A - 0000104D (0x4 bytes), align: 0
  Segment part 532.           Intra module refs:   macTimerCancel
                                                   mac_msg_deallocate
    -------------------------------------------------------------------------
<BANKED_CODE,BANK_RELAYS..> 1 (was BANKED_CODE)
  Relative segment, address: CODE 0000104E - 00001052 (0x5 bytes), align: 0
  Segment part 533.           Intra module refs:   Segment part 532
    -------------------------------------------------------------------------
<BANKED_CODE,BANK_RELAYS..> 1 (was BANKED_CODE)
  Relative segment, address: CODE 00001053 - 00001058 (0x6 bytes), align: 0
  Segment part 537.           Intra module refs:   macCommStatusInd
                                                   macTimerUpdateBackoffTimer
    -------------------------------------------------------------------------
<BANKED_CODE,BANK_RELAYS..> 1 (was BANKED_CODE)
  Relative segment, address: CODE 00001059 - 0000105F (0x7 bytes), align: 0
  Segment part 555.           Intra module refs:   macDataTxComplete
    -------------------------------------------------------------------------
<BANKED_CODE,BANK_RELAYS..> 1 (was BANKED_CODE)
  Relative segment, address: CODE 00001060 - 00001068 (0x9 bytes), align: 0
  Segment part 578.           Intra module refs:   macCommStatusInd
    -------------------------------------------------------------------------
<BANKED_CODE,BANK_RELAYS..> 1 (was BANKED_CODE)
  Relative segment, address: CODE 00001069 - 00001070 (0x8 bytes), align: 0
  Segment part 588.           Intra module refs:   macCbackForEvent
    -------------------------------------------------------------------------
<BANKED_CODE,BANK_RELAYS..> 1 (was BANKED_CODE)
  Relative segment, address: CODE 00001071 - 00001077 (0x7 bytes), align: 0
  Segment part 591.           Intra module refs:   Segment part 594
    -------------------------------------------------------------------------
<BANKED_CODE,BANK_RELAYS..> 1 (was BANKED_CODE)
  Relative segment, address: CODE 00001078 - 0000107B (0x4 bytes), align: 0
  Segment part 593.           Intra module refs:   Segment part 476
    -------------------------------------------------------------------------
<BANKED_CODE,BANK_RELAYS..> 1 (was BANKED_CODE)
  Relative segment, address: CODE 0000107C - 00001082 (0x7 bytes), align: 0
  Segment part 594.           Intra module refs:   Segment part 593
    -------------------------------------------------------------------------
<BANKED_CODE,BANK_RELAYS..> 1 (was BANKED_CODE)
  Relative segment, address: CODE 00001083 - 0000108C (0xa bytes), align: 0
  Segment part 595.           Intra module refs:   macCommStatusInd
    -------------------------------------------------------------------------
<BANKED_CODE,BANK_RELAYS..> 1 (was BANKED_CODE)
  Relative segment, address: CODE 0000108D - 000010A4 (0x18 bytes), align: 0
  Segment part 596.           Intra module refs:   macSecCpy::?relay
           ENTRY                   ADDRESS         REF BY
           =====                   =======         ======
           macSecCpy               0000108D 
               calls direct
               XSTACK = 0000002B ( 0000000E )
    -------------------------------------------------------------------------
<BANKED_CODE,BANK_RELAYS..> 1 (was BANKED_CODE)
  Relative segment, address: CODE 000010A5 - 000010A7 (0x3 bytes), align: 0
  Segment part 598.           Intra module refs:   macNoAction::?relay
           ENTRY                   ADDRESS         REF BY
           =====                   =======         ======
           macNoAction             000010A5 
               is indirectly called
    -------------------------------------------------------------------------
<BANKED_CODE,BANK_RELAYS..> 1 (was BANKED_CODE)
  Relative segment, address: CODE 000010A8 - 00001143 (0x9c bytes), align: 0
  Segment part 609.           Intra module refs:   macCommStatusInd::?relay
           ENTRY                   ADDRESS         REF BY
           =====                   =======         ======
           macCommStatusInd        000010A8 
               calls direct, is indirectly called
               XSTACK = 00000019 ( 0000002B )
               ISTACK = 00000000 ( 00000001 )
    -------------------------------------------------------------------------
<BANKED_CODE,BANK_RELAYS..> 1 (was BANKED_CODE)
  Relative segment, address: CODE 00001144 - 0000114B (0x8 bytes), align: 0
  Segment part 611.           Intra module refs:   macCommStatusInd
    -------------------------------------------------------------------------
<BANKED_CODE,BANK_RELAYS..> 1 (was BANKED_CODE)
  Relative segment, address: CODE 0000114C - 00001151 (0x6 bytes), align: 0
  Segment part 612.           Intra module refs:   Segment part 502
                                                   Segment part 611
                                                   Segment part 712
                                                   Segment part 799
                                                   Segment part 814
    -------------------------------------------------------------------------
<BANKED_CODE,BANK_RELAYS..> 1 (was BANKED_CODE)
  Relative segment, address: CODE 00001152 - 00001157 (0x6 bytes), align: 0
  Segment part 613.           Intra module refs:   macCommStatusInd
    -------------------------------------------------------------------------
[...]

  SEGMENTS IN THE MODULE
  ======================
<BANKED_CODE,BANK_RELAYS..> 1 (was RCODE)
  Relative segment, address: CODE 00000227 - 00000292 (0x6c bytes), align: 0
  Segment part 1.
           ENTRY                   ADDRESS         REF BY
           =====                   =======         ======
           ?BANKED_ENTER_XDATA     00000227        MAC_CbackEvent (zmac_cb)
                                                   MAC_MlmeGetReq (mac_pib)
                                                   ZMacLqiAdjust (zmac_cb)
                                                   halAssertHazardLights (hal_assert)
                                                   halSetMaxSleepLoopTime (hal_sleep)
                                                   macBackoffTimerCapture (mac_backoff_timer)
                                                   macBackoffTimerCount (mac_backoff_timer)
                                                   macBackoffTimerRolloverCallback (mac_beacon)
                                                   macBackoffTimerSetRollover (mac_backoff_timer)
                                                   macBackoffTimerSetTrigger (mac_backoff_timer)
                                                   macBackoffTimerTriggerCallback (mac_beacon)
                                                   macCbackForEvent (mac_beacon)
                                                   macCommStatusInd (mac_beacon)
                                                   macCspTxGoSlotted (mac_csp_tx)
                                                   macCspTxRequestAckTimeoutCallback (mac_csp_tx)
                                                   macMcuAccumulatedOverFlow (mac_mcu)
                                                   macMcuOverflowSetCompare (mac_mcu)
                                                   macMcuOverflowSetPeriod (mac_mcu)
                                                   macMemReadRxFifo (mac_mem)
                                                   macMemWriteTxFifo (mac_mem)
                                                   macRadioComputeLQI (mac_radio)
                                                   macRadioSetChannel (mac_radio)
                                                   macRadioSetTxPower (mac_radio)
                                                   macRxOffRequest (mac_rx_onoff)
                                                   macRxOnRequest (mac_rx_onoff)
                                                   macSecCpy (mac_beacon)
                                                   macSetEvent (mac_beacon)
                                                   macTimerCancel (mac_beacon)
                                                   macTimerRecalcUnaligned (mac_beacon)
                                                   macTimerRemoveTimer (mac_beacon)
                                                   macTimerUpdateBackoffTimer (mac_beacon)
                                                   macTxAckNotReceivedCallback (mac_tx)
                                                   macTxAckReceivedCallback (mac_tx)
                                                   macTxCompleteCallback (mac_beacon)
                                                   macTxDoneCallback (mac_tx)
                                                   macTxFrame (mac_tx)
                                                   macTxTimestampCallback (mac_tx)
                                                   mac_msg_deallocate (mac_beacon)
                                                   osalAddTimer (OSAL_Timers)
                                                   osal_mem_alloc (OSAL_Memory)
                                                   osal_mem_free (OSAL_Memory)
                                                   osal_memcpy (OSAL)
                                                   osal_msg_allocate (OSAL)
                                                   osal_msg_enqueue (OSAL)
                                                   osal_msg_enqueue_max (OSAL)
                                                   osal_msg_send (OSAL)
                                                   osal_set_event (OSAL)
                                                   osal_start_timerEx (OSAL_Timers)
                                                   rxAddrIsr (mac_rx)
                                                   rxFcsIsr (mac_rx)
                                                   rxStartIsr (mac_rx)
                                                   sAddrExtCpy (saddr)
                                                   txComplete (mac_tx)
                                                   txCsmaPrep (mac_tx)

    -------------------------------------------------------------------------
  LIBRARY MODULE, NAME : ?BANKED_LEAVE_XDATA

  SEGMENTS IN THE MODULE
  ======================
<BANKED_CODE,BANK_RELAYS..> 1 (was RCODE)
  Relative segment, address: CODE 000003A2 - 000003E7 (0x46 bytes), align: 0
  Segment part 1.
           ENTRY                   ADDRESS         REF BY
           =====                   =======         ======
           ?BANKED_LEAVE_XDATA     000003A2        ?Subroutine1 (mac_mem)
                                                   ?Subroutine1 (mac_radio)
                                                   ?Subroutine1 (mac_rx)
                                                   ?Subroutine1 (mac_tx)
                                                   ?Subroutine2 (OSAL)
                                                   ?Subroutine2 (mac_backoff_timer)
                                                   MAC_CbackEvent (zmac_cb)
                                                   MAC_MlmeGetReq (mac_pib)
                                                   Segment part 171 (mac_beacon)
                                                   Segment part 21 (mac_rx_onoff)
                                                   Segment part 225 (mac_beacon)
                                                   Segment part 36 (mac_backoff_timer)
                                                   Segment part 418 (mac_beacon)
                                                   Segment part 452 (mac_beacon)
                                                   Segment part 55 (OSAL)
                                                   Segment part 632 (mac_beacon)
                                                   Segment part 74 (mac_mcu)
                                                   ZMacLqiAdjust (zmac_cb)
                                                   halSetMaxSleepLoopTime (hal_sleep)
                                                   macCspTxGoSlotted (mac_csp_tx)
                                                   macCspTxRequestAckTimeoutCallback (mac_csp_tx)
                                                   macTxTimestampCallback (mac_tx)
                                                   osalAddTimer (OSAL_Timers)
                                                   osal_mem_alloc (OSAL_Memory)
                                                   osal_mem_free (OSAL_Memory)
                                                   osal_memcpy (OSAL)
                                                   osal_start_timerEx (OSAL_Timers)
                                                   rxFcsIsr (mac_rx)
                                                   rxStartIsr (mac_rx)
                                                   sAddrExtCpy (saddr)
                                                   txCsmaPrep (mac_tx)

    -------------------------------------------------------------------------
  LIBRARY MODULE, NAME : ?INTERRUPT_ENTER_XSP

  SEGMENTS IN THE MODULE
  ======================
<BANKED_CODE,BANK_RELAYS..> 1 (was RCODE)
  Relative segment, address: CODE 00000293 - 000002F1 (0x5f bytes), align: 0
  Segment part 1.
           ENTRY                   ADDRESS         REF BY
           =====                   =======         ======
           ?INTERRUPT_ENTER_XSP    00000293        halDmaIsr (hal_dma)
                                                   halKeyPort0Isr (hal_key)
                                                   halKeyPort2Isr (hal_key)
                                                   macMcuRfErrIsr (mac_mcu)
                                                   macMcuRfIsr (mac_mcu)
                                                   macMcuTimer2Isr (mac_mcu)

    -------------------------------------------------------------------------
  LIBRARY MODULE, NAME : ?INTERRUPT_LEAVE_XSP

  SEGMENTS IN THE MODULE
  ======================
<BANKED_CODE,BANK_RELAYS..> 1 (was RCODE)
  Relative segment, address: CODE 000002F2 - 00000349 (0x58 bytes), align: 0
  Segment part 1.
           ENTRY                   ADDRESS         REF BY
           =====                   =======         ======
           ?INTERRUPT_LEAVE_XSP    000002F2        ?Subroutine2 (hal_key)
                                                   ?Subroutine2 (mac_mcu)
                                                   halDmaIsr (hal_dma)

    -------------------------------------------------------------------------
  LIBRARY MODULE, NAME : ?PUSH_XSTACK_I

  SEGMENTS IN THE MODULE
  ======================
<BANKED_CODE,BANK_RELAYS..> 1 (was RCODE)
  Relative segment, address: CODE 0000060A - 0000060D (0x4 bytes), align: 0
  Segment part 1.
           ENTRY                   ADDRESS         REF BY
           =====                   =======         ======
           ?PUSH_XSTACK_I_THREE    0000060A        MAC_CbackEvent (zmac_cb)
                                                   MAC_MlmeGetReq (mac_pib)
                                                   macSecCpy (mac_beacon)
                                                   rxStartIsr (mac_rx)
                                                   sAddrExtCpy (saddr)
    -------------------------------------------------------------------------
<BANKED_CODE,BANK_RELAYS..> 1 (was RCODE)
  Relative segment, address: CODE 0000060E - 0000061A (0xd bytes), align: 0
  Segment part 4.             Intra module refs:   ?PUSH_XSTACK_I_THREE
           ENTRY                   ADDRESS         REF BY
           =====                   =======         ======
           ?PUSH_XSTACK_I          0000060E 

    -------------------------------------------------------------------------
  LIBRARY MODULE, NAME : ?PUSH_XSTACK8_X

  SEGMENTS IN THE MODULE
  ======================
<BANKED_CODE,BANK_RELAYS..> 1 (was RCODE)
  Relative segment, address: CODE 0000042C - 0000042F (0x4 bytes), align: 0
  Segment part 3.
           ENTRY                   ADDRESS         REF BY
           =====                   =======         ======
           ?PUSH_XSTACK8_X_TWO     0000042C        macBackoffTimerRolloverCallback (mac_beacon)
    -------------------------------------------------------------------------
<BANKED_CODE,BANK_RELAYS..> 1 (was RCODE)
  Relative segment, address: CODE 00000430 - 00000458 (0x29 bytes), align: 0
  Segment part 5.             Intra module refs:   ?PUSH_XSTACK8_X_TWO
           ENTRY                   ADDRESS         REF BY
           =====                   =======         ======
           ?PUSH_XSTACK8_X         00000430 




                ****************************************
                *                                      *
                *            MODULE SUMMARY            *
                *                                      *
                ****************************************

Module                     CODE      DATA      XDATA  IDATA    BIT  CONST
------                     ----      ----      -----  -----    ---  -----
                          (Rel)  (Rel)  (Abs)  (Rel)  (Rel)  (Rel)  (Rel)
?ADD_XSTACK_DISP8            27
?ALLOC_XSTACK8               22
?BANKED_CODE_SUPPORT         30
?BANKED_ENTER_XDATA         108
?BANKED_LEAVE_XDATA          70
?CALL_IND                     2
?C_GPTR_LOAD                 26
?DEALLOC_XSTACK8             26
?INTERRUPT_ENTER_XSP         95
?INTERRUPT_LEAVE_XSP         88
?L_ADD_TO_X                  19
?L_ADD_X                     19
?L_AND_X                     19
?L_EQ                        21
?L_EQ_X                      21
?L_MOV_TO_X                  15
?L_MOV_X                     15
?L_NEG                       17
?L_SUB_FROM_X                20
?MOVE_LONG8_XDATA_IDATA      13
?MOVE_LONG8_XDATA_XDATA      33
?POP_BIT_ISP                 19
?PUSH_XSTACK8_X              45
?PUSH_XSTACK_I               17
?SL_GT_X                     21
?S_DIV_MOD                  154
?S_SHL                       19
?UL_GE_X                     31
?UL_GT                       16
?UL_GT_X                     16
?XLOAD_R2345                 12
?XSTACK_DISP8                10
?XSTORE_R2345                12
?cexit                        5
?cmain                       88
CSTARTUP                     16
  + common                    3
MT_SYS                                      1
  + shared                                  2
OSAL                        603                    2
OSAL_GenericApp               1                    2                    1
OSAL_Memory                 447                3 075
OSAL_Timers                 290                    2
  + shared                                                              4
OnBoard
  + shared                                  1
VIRTUAL_REGISTERS                    2                           8
ZDApp                         4
  + shared                                                              4
ZMain                        11
  + shared                                  7
hal_adc                                     3
  + shared                                  2
hal_aes                                     1
hal_assert                  412                                         4
  + shared                                  1
hal_dma                      35             4
  + shared                   70             3
  + common
hal_drivers                                        1
hal_flash
  + shared                                  1
hal_key                     129             7
  + shared                  110             4
  + common
hal_lcd                                     6
  + shared                                  1
hal_sleep                    73             4      4
  + shared                   46             1                           4
  + common
hal_startup                  11
hal_uart                     90             5    526
mac_autopend                 62                    2
mac_backoff_timer           350                    8
  + shared                                  2
mac_beacon                2 869                   43
mac_cfg                       5                                         5
mac_csp_tx                  738             1
  + shared                                  7
mac_mcu                     752             7      7                    4
  + shared                  134             2
  + common
mac_mem                      89             1
mac_pib                     305                   60
mac_radio                   424                    4
mac_radio_defs               51                    1
mac_rffrontend               32
mac_rx                    2 344                   19
mac_rx_onoff                228                    2
mac_sleep                     1                    1
mac_tx                      952                    8
nwk                         149                  113
nwk_globals                   1
saddr                        40
zmac                                               2
zmac_cb                   1 248                    3
N/A (command line)                  24           768    192
N/A (alignment)
----------               ------     --     --  -----    ---      -     --
Total:                   13 933     26     74  4 653    192      8     26
  + common                  134


                ****************************************
                *                                      *
                *      SEGMENTS IN ADDRESS ORDER       *
                *                                      *
                ****************************************


SEGMENT              SPACE    START ADDRESS   END ADDRESS     SIZE  TYPE  ALIGN
=======              =====    =============   ===========     ====  ====  =====
INTVEC               CODE          00000000 - 00000085          86   com    0
BIT_ID               CODE               00000086                     dse    0
DATA_ID              CODE               00000086                     dse    0
PDATA_ID             CODE               00000086                     dse    0
IXDATA_ID            CODE               00000086                     dse    0
IDATA_ID             CODE               00000086                     dse    0
BDATA_ID             CODE               00000086                     dse    0
XDATA_ID             CODE          00000086 - 0000009A          15   rel    0
<BANKED_CODE,BANK_RELAYS..> 1
                     CODE          0000009B - 000036D8        363E   rel    0
<XDATA_ROM_C_FLASH> 1
                     CODE          00018000 - 00018019          1A   rel    0
REGISTERS            DATA          00000000 - 00000007           8   rel    0
VREG                 DATA          00000008 - 00000017          10   rel    0
PSP                  DATA               00000018                     dse    0
XSP                  DATA          00000018 - 00000019           2   rel    0
BREG                 BIT        00000020.0  -  00000020.7        8   rel    0
SFR_AN               DATA          00000080 - 00000080           1   rel    0
                     DATA          00000086 - 00000087           2 
                     DATA          00000089 - 00000089           1 
                     DATA          0000008B - 0000008C           2 
                     DATA          0000008F - 00000091           3 
                     DATA          00000094 - 00000097           4 
                     DATA          0000009A - 0000009E           5 
                     DATA          000000A0 - 000000A9           A 
                     DATA          000000AB - 000000AD           3 
                     DATA          000000B3 - 000000B4           2 
                     DATA          000000B6 - 000000B6           1 
                     DATA          000000B8 - 000000C0           9 
                     DATA          000000C2 - 000000C7           6 
                     DATA          000000C9 - 000000C9           1 
                     DATA          000000D1 - 000000D7           7 
                     DATA          000000D9 - 000000D9           1 
                     DATA          000000E1 - 000000E1           1 
                     DATA          000000E8 - 000000E9           2 
                     DATA          000000F1 - 000000F5           5 
                     DATA          000000F8 - 000000FF           8 
XSTACK               XDATA         00000001 - 00000300         300   rel    0
XDATA_Z              XDATA         00000301 - 00000616         316   rel    0
XDATA_I              XDATA         00000617 - 0000062B          15   rel    0
<XDATA_N> 1          XDATA         0000062C - 0000122D         C02   rel    0
<XDATA_ROM_C> 1      CONST         00008000 - 00008019          1A   rel    0
ISTACK               IDATA         00000040 - 000000FF          C0   rel    0

                ****************************************
                *                                      *
                *        END OF CROSS REFERENCE        *
                *                                      *
                ****************************************

 14 067 bytes of CODE  memory
     26 bytes of DATA  memory (+ 74 absolute )
  4 653 bytes of XDATA memory
    192 bytes of IDATA memory
      8 bits  of BIT   memory
     26 bytes of CONST memory

Errors: none
Warnings: none

